<!DOCTYPE html>
    <head>
        <link rel="stylesheet" href="styles/main.css">
        <script src="scripts/vendor/modernizr.min.js"></script>
    </head>
    <body>

    <script src="usemin/foo.js"></script>

    <link rel="stylesheet" href="usemin/bar.css"/>
</body>
</html>
